// Jest Snapshot v1, https://goo.gl/fbAQLP

exports[`test for actual file pointer load actual file 1`] = `
"version https://git-lfs.github.com/spec/v1
oid sha256:785f3ec7eb32f30b90cd0fcf3657d388b5ff4297f2f9716ff66e9b69c05ddd09
size 2
"
`;

exports[`test for actual file pointer save actual file 1`] = `
"version https://git-lfs.github.com/spec/v1
oid sha256:785f3ec7eb32f30b90cd0fcf3657d388b5ff4297f2f9716ff66e9b69c05ddd09
size 2
"
`;

exports[`test for pointer file pointer load pointer file 1`] = `
"version https://git-lfs.github.com/spec/v1
oid sha256:785f3ec7eb32f30b90cd0fcf3657d388b5ff4297f2f9716ff66e9b69c05ddd09
size 2
"
`;
